#! /c/Source/iverilog-install/bin/vvp
:ivl_version "12.0 (devel)" "(s20150603-1539-g2693dd32b)";
:ivl_delay_selection "TYPICAL";
:vpi_time_precision + 0;
:vpi_module "C:\iverilog\lib\ivl\system.vpi";
:vpi_module "C:\iverilog\lib\ivl\vhdl_sys.vpi";
:vpi_module "C:\iverilog\lib\ivl\vhdl_textio.vpi";
:vpi_module "C:\iverilog\lib\ivl\v2005_math.vpi";
:vpi_module "C:\iverilog\lib\ivl\va_math.vpi";
S_000001fcfb394d90 .scope module, "tb" "tb" 2 1;
 .timescale 0 0;
P_000001fcfb3572f0 .param/l "N" 0 2 2, +C4<00000000000000000000000000001010>;
P_000001fcfb357328 .param/l "WIDTH" 0 2 3, +C4<00000000000000000000000000000100>;
v000001fcfb3a44a0_0 .var "clk", 0 0;
v000001fcfb35bee0_0 .net "out", 3 0, v000001fcfb356fb0_0;  1 drivers
v000001fcfb35b960_0 .var "rstn", 0 0;
S_000001fcfb35c310 .scope module, "u0" "modN_ctr" 2 9, 3 1 0, S_000001fcfb394d90;
 .timescale 0 0;
    .port_info 0 /INPUT 1 "clk";
    .port_info 1 /INPUT 1 "rstn";
    .port_info 2 /OUTPUT 4 "out";
P_000001fcfb357520 .param/l "N" 0 3 2, +C4<00000000000000000000000000001010>;
P_000001fcfb357558 .param/l "WIDTH" 0 3 3, +C4<00000000000000000000000000000100>;
v000001fcfb357710_0 .net "clk", 0 0, v000001fcfb3a44a0_0;  1 drivers
v000001fcfb356fb0_0 .var "out", 3 0;
v000001fcfb357160_0 .net "rstn", 0 0, v000001fcfb35b960_0;  1 drivers
E_000001fcfb35b490 .event posedge, v000001fcfb357710_0;
    .scope S_000001fcfb35c310;
T_0 ;
    %wait E_000001fcfb35b490;
    %load/vec4 v000001fcfb357160_0;
    %nor/r;
    %flag_set/vec4 8;
    %jmp/0xz  T_0.0, 8;
    %pushi/vec4 0, 0, 4;
    %assign/vec4 v000001fcfb356fb0_0, 0;
    %jmp T_0.1;
T_0.0 ;
    %load/vec4 v000001fcfb356fb0_0;
    %pad/u 32;
    %cmpi/e 9, 0, 32;
    %jmp/0xz  T_0.2, 4;
    %pushi/vec4 0, 0, 4;
    %assign/vec4 v000001fcfb356fb0_0, 0;
    %jmp T_0.3;
T_0.2 ;
    %load/vec4 v000001fcfb356fb0_0;
    %addi 1, 0, 4;
    %assign/vec4 v000001fcfb356fb0_0, 0;
T_0.3 ;
T_0.1 ;
    %jmp T_0;
    .thread T_0;
    .scope S_000001fcfb394d90;
T_1 ;
    %delay 10, 0;
    %load/vec4 v000001fcfb3a44a0_0;
    %inv;
    %store/vec4 v000001fcfb3a44a0_0, 0, 1;
    %jmp T_1;
    .thread T_1;
    .scope S_000001fcfb394d90;
T_2 ;
    %pushi/vec4 0, 0, 2;
    %split/vec4 1;
    %assign/vec4 v000001fcfb35b960_0, 0;
    %assign/vec4 v000001fcfb3a44a0_0, 0;
    %vpi_call 2 18 "$monitor", "T=%0t rstn=%0b out=0x%0h", $time, v000001fcfb35b960_0, v000001fcfb35bee0_0 {0 0 0};
    %pushi/vec4 2, 0, 32;
T_2.0 %dup/vec4;
    %pushi/vec4 0, 0, 32;
    %cmp/s;
    %jmp/1xz T_2.1, 5;
    %jmp/1 T_2.1, 4;
    %pushi/vec4 1, 0, 32;
    %sub;
    %wait E_000001fcfb35b490;
    %jmp T_2.0;
T_2.1 ;
    %pop/vec4 1;
    %pushi/vec4 1, 0, 1;
    %assign/vec4 v000001fcfb35b960_0, 0;
    %pushi/vec4 20, 0, 32;
T_2.2 %dup/vec4;
    %pushi/vec4 0, 0, 32;
    %cmp/s;
    %jmp/1xz T_2.3, 5;
    %jmp/1 T_2.3, 4;
    %pushi/vec4 1, 0, 32;
    %sub;
    %wait E_000001fcfb35b490;
    %jmp T_2.2;
T_2.3 ;
    %pop/vec4 1;
    %vpi_call 2 23 "$finish" {0 0 0};
    %end;
    .thread T_2;
# The file index is used to find the file name in the following table.
:file_names 4;
    "N/A";
    "<interactive>";
    ".\n_counter_tb.sv";
    ".\n_counter.v";
