#! /c/Source/iverilog-install/bin/vvp
:ivl_version "12.0 (devel)" "(s20150603-1539-g2693dd32b)";
:ivl_delay_selection "TYPICAL";
:vpi_time_precision - 12;
:vpi_module "C:\iverilog\lib\ivl\system.vpi";
:vpi_module "C:\iverilog\lib\ivl\vhdl_sys.vpi";
:vpi_module "C:\iverilog\lib\ivl\vhdl_textio.vpi";
:vpi_module "C:\iverilog\lib\ivl\v2005_math.vpi";
:vpi_module "C:\iverilog\lib\ivl\va_math.vpi";
S_000001bd4c5165e0 .scope module, "FSM" "FSM" 2 5;
 .timescale -9 -12;
    .port_info 0 /INPUT 4 "A";
    .port_info 1 /INPUT 4 "B";
    .port_info 2 /OUTPUT 5 "X";
P_000001bd4c5181e0 .param/l "DATA_WIDTH" 0 2 6, +C4<00000000000000000000000000000100>;
o000001bd4c566f48 .functor BUFZ 4, C4<zzzz>; HiZ drive
v000001bd4c516770_0 .net "A", 3 0, o000001bd4c566f48;  0 drivers
o000001bd4c566f78 .functor BUFZ 4, C4<zzzz>; HiZ drive
v000001bd4c516810_0 .net "B", 3 0, o000001bd4c566f78;  0 drivers
v000001bd4c5168b0_0 .var "X", 4 0;
E_000001bd4c518220 .event anyedge, v000001bd4c516810_0, v000001bd4c516770_0;
    .scope S_000001bd4c5165e0;
T_0 ;
    %wait E_000001bd4c518220;
    %load/vec4 v000001bd4c516770_0;
    %pad/u 5;
    %load/vec4 v000001bd4c516810_0;
    %pad/u 5;
    %add;
    %store/vec4 v000001bd4c5168b0_0, 0, 5;
    %jmp T_0;
    .thread T_0, $push;
    .scope S_000001bd4c5165e0;
T_1 ;
    %vpi_call 2 20 "$dumpfile", "dump.vcd" {0 0 0};
    %vpi_call 2 21 "$dumpvars", 32'sb00000000000000000000000000000001, S_000001bd4c5165e0 {0 0 0};
    %end;
    .thread T_1;
# The file index is used to find the file name in the following table.
:file_names 3;
    "N/A";
    "<interactive>";
    ".\golden\hdl\FSM.v";
